
> portfolio@0.1.0 dev
> next dev -p 3002

   ▲ Next.js 15.5.2
   - Local:        http://localhost:3002
   - Network:      http://192.168.1.30:3002

 ✓ Starting...
 ✓ Ready in 1576ms
 ○ Compiling / ...
 ⨯ ./src/components/ProjectsShowcase.tsx
Error:   [31mx[0m Expected '</', got 'className'
     ,-[[36;1;4m/Users/dynamiterdx/Documents/Python Scripts/personal-portfolio/src/components/ProjectsShowcase.tsx[0m:109:1]
 [2m106[0m | 
 [2m107[0m |             {/* Edge fades */
 [2m108[0m |             <div className="pointer-events-none absolute inset-y-0 left-0 w-16 bg-gradient-to-r from-[#0b0b0b] to-transparent" />
 [2m109[0m |             <div className="pointer-events-none absolute inset-y-0 right-0 w-16 bg-gradient-to-l from-[#0b0b0b] to-transparent" />
     : [35;1m                 ^^^^^^^^^[0m
 [2m110[0m | 
 [2m111[0m |             {/* Dots reflecting scroll position */}
 [2m112[0m |             <div className="mt-6 flex justify-center gap-2">
     `----

Caused by:
    Syntax Error

Import trace for requested module:
./src/components/ProjectsShowcase.tsx
./src/app/page.tsx
 ⨯ ./src/components/ProjectsShowcase.tsx
Error:   [31mx[0m Expected '</', got 'className'
     ,-[[36;1;4m/Users/dynamiterdx/Documents/Python Scripts/personal-portfolio/src/components/ProjectsShowcase.tsx[0m:109:1]
 [2m106[0m | 
 [2m107[0m |             {/* Edge fades */
 [2m108[0m |             <div className="pointer-events-none absolute inset-y-0 left-0 w-16 bg-gradient-to-r from-[#0b0b0b] to-transparent" />
 [2m109[0m |             <div className="pointer-events-none absolute inset-y-0 right-0 w-16 bg-gradient-to-l from-[#0b0b0b] to-transparent" />
     : [35;1m                 ^^^^^^^^^[0m
 [2m110[0m | 
 [2m111[0m |             {/* Dots reflecting scroll position */}
 [2m112[0m |             <div className="mt-6 flex justify-center gap-2">
     `----

Caused by:
    Syntax Error

Import trace for requested module:
./src/components/ProjectsShowcase.tsx
./src/app/page.tsx
 ⨯ ./src/components/ProjectsShowcase.tsx
Error:   [31mx[0m Expected '</', got 'className'
     ,-[[36;1;4m/Users/dynamiterdx/Documents/Python Scripts/personal-portfolio/src/components/ProjectsShowcase.tsx[0m:109:1]
 [2m106[0m | 
 [2m107[0m |             {/* Edge fades */
 [2m108[0m |             <div className="pointer-events-none absolute inset-y-0 left-0 w-16 bg-gradient-to-r from-[#0b0b0b] to-transparent" />
 [2m109[0m |             <div className="pointer-events-none absolute inset-y-0 right-0 w-16 bg-gradient-to-l from-[#0b0b0b] to-transparent" />
     : [35;1m                 ^^^^^^^^^[0m
 [2m110[0m | 
 [2m111[0m |             {/* Dots reflecting scroll position */}
 [2m112[0m |             <div className="mt-6 flex justify-center gap-2">
     `----

Caused by:
    Syntax Error

Import trace for requested module:
./src/components/ProjectsShowcase.tsx
./src/app/page.tsx
 GET / 500 in 3761ms
 ⚠ Fast Refresh had to perform a full reload due to a runtime error.
 ⨯ ./src/components/ProjectsShowcase.tsx
Error:   [31mx[0m Expected '</', got 'className'
     ,-[[36;1;4m/Users/dynamiterdx/Documents/Python Scripts/personal-portfolio/src/components/ProjectsShowcase.tsx[0m:109:1]
 [2m106[0m | 
 [2m107[0m |             {/* Edge fades */
 [2m108[0m |             <div className="pointer-events-none absolute inset-y-0 left-0 w-16 bg-gradient-to-r from-[#0b0b0b] to-transparent" />
 [2m109[0m |             <div className="pointer-events-none absolute inset-y-0 right-0 w-16 bg-gradient-to-l from-[#0b0b0b] to-transparent" />
     : [35;1m                 ^^^^^^^^^[0m
 [2m110[0m | 
 [2m111[0m |             {/* Dots reflecting scroll position */}
 [2m112[0m |             <div className="mt-6 flex justify-center gap-2">
     `----

Caused by:
    Syntax Error

Import trace for requested module:
./src/components/ProjectsShowcase.tsx
./src/app/page.tsx
 ⨯ ./src/components/ProjectsShowcase.tsx
Error:   [31mx[0m Expected '</', got 'className'
     ,-[[36;1;4m/Users/dynamiterdx/Documents/Python Scripts/personal-portfolio/src/components/ProjectsShowcase.tsx[0m:109:1]
 [2m106[0m | 
 [2m107[0m |             {/* Edge fades */
 [2m108[0m |             <div className="pointer-events-none absolute inset-y-0 left-0 w-16 bg-gradient-to-r from-[#0b0b0b] to-transparent" />
 [2m109[0m |             <div className="pointer-events-none absolute inset-y-0 right-0 w-16 bg-gradient-to-l from-[#0b0b0b] to-transparent" />
     : [35;1m                 ^^^^^^^^^[0m
 [2m110[0m | 
 [2m111[0m |             {/* Dots reflecting scroll position */}
 [2m112[0m |             <div className="mt-6 flex justify-center gap-2">
     `----

Caused by:
    Syntax Error

Import trace for requested module:
./src/components/ProjectsShowcase.tsx
./src/app/page.tsx
 GET / 500 in 200ms
[?25h
